{
  "version": "1.5.0",
  "plugins_used": [
    {"name": "Base64HighEntropyString", "limit": 4.5}
  ],
  "filters_used": [
    {"path": "detect_secrets.filters.allowlist_filter"},
    {"path": "detect_secrets.filters.common.is_baseline_file"},
    {"path": "detect_secrets.filters.common.is_exploratory_file"},
    {"path": "detect_secrets.filters.heuristic.is_likely_id_string"},
    {"path": "detect_secrets.filters.heuristic.is_non_text_file"},
    {"path": "detect_secrets.filters.heuristic.is_potential_uuid"},
    {"path": "detect_secrets.filters.heuristic.is_templated_secret"}
  ],
  "results": {
    "tests/fixtures/sample-event.json": [
      {
        "type": "Base64 High Entropy String",
        "filename": "tests/fixtures/sample-event.json",
        "hashed_secret": "false_positive",
        "is_verified": false,
        "is_secret": false,
        "line_number": 3
      },
      {
        "type": "Base64 High Entropy String",
        "filename": "tests/fixtures/sample-event.json",
        "hashed_secret": "false_positive",
        "is_verified": false,
        "is_secret": false,
        "line_number": 16
      }
    ],
    "tests/test_handler.py": [
      {
        "type": "Base64 High Entropy String",
        "filename": "tests/test_handler.py",
        "hashed_secret": "false_positive",
        "is_verified": false,
        "is_secret": false,
        "line_number": 79
      }
    ]
  }
}
